// Jest Snapshot v1, https://goo.gl/fbAQLP

exports[`Settings:  matches snapshot 1`] = `
<Fragment>
  <Head>
    <title>
      Settings / Feeling
    </title>
    <meta
      content="Configure your preferences for the Feeling app"
      name="description"
    />
  </Head>
  <TopBar
    backButton={true}
    title="Settings"
  />
</Fragment>
`;
