// Jest Snapshot v1, https://goo.gl/fbAQLP

exports[`Document:  matches snapshot 1`] = `
<Html
  lang="en"
>
  <Head>
    <link
      href="/icons/16.png"
      rel="icon"
      sizes="16x16"
      type="image/png"
    />
    <link
      href="/icons/32.png"
      rel="icon"
      sizes="32x32"
      type="image/png"
    />
    <link
      href="/icons/apple-touch-icon.png"
      rel="apple-touch-icon"
      sizes="180x180"
    />
    <link
      color="#caeaf8"
      href="/icons/safari-pinned-tab.svg"
      rel="mask-icon"
    />
    <link
      href="/manifest.json"
      rel="manifest"
    />
    <meta
      content="#fefefe"
      name="theme-color"
    />
  </Head>
  <body>
    <Main />
    <NextScript />
  </body>
</Html>
`;
