// Jest Snapshot v1, https://goo.gl/fbAQLP

exports[`Me:  matches snapshot 1`] = `
<Fragment>
  <Head>
    <title>
      Me / Feeling
    </title>
    <meta
      content="Track your daily feelings"
      name="description"
    />
  </Head>
  <TopBar
    rightIcon={
      Object {
        "href": "/settings",
        "icon": <test-file-stub />,
      }
    }
    subtitle="How are you feeling today?"
    title="Hey Michael,"
  />
</Fragment>
`;
